========================================
AgentCrush Daily Summary
Generated: 2026-03-18 15:28:49 UTC
========================================

=== AgentCrush Health Check ===
Time: 2026-03-18 15:28:49 UTC

[1] Timers
Wed 2026-03-18 15:28:57 UTC           8s Wed 2026-03-18 15:28:47 UTC        1s ago approval-listener.timer          approval-listener.service
Wed 2026-03-18 15:29:00 UTC          10s Wed 2026-03-18 15:28:04 UTC       44s ago x-publisher.timer                x-publisher.service
Wed 2026-03-18 15:30:00 UTC     1min 10s Wed 2026-03-18 15:25:06 UTC             - canon-enqueuer.timer             canon-enqueuer.service
Wed 2026-03-18 15:30:00 UTC     1min 10s Wed 2026-03-18 15:25:06 UTC             - scheduler-prep.timer             scheduler-prep.service
Wed 2026-03-18 15:30:32 UTC     1min 43s -                                       - approval-notifier.timer          approval-notifier.service
Wed 2026-03-18 15:30:32 UTC     1min 43s -                                       - copydesk.timer                   copydesk.service
Wed 2026-03-18 15:38:26 UTC         9min Wed 2026-03-18 15:08:26 UTC             - x-selector.timer                 x-selector.service
Wed 2026-03-18 16:00:00 UTC        31min Wed 2026-03-18 12:00:11 UTC             - canonkeeper.timer                canonkeeper.service
Wed 2026-03-18 16:28:37 UTC        59min Wed 2026-03-18 15:28:37 UTC       12s ago x-scanner.timer                  x-scanner.service

[2] Service states
x-scanner.service           static  / inactive
x-selector.service          static  / inactive
copydesk.service            static  / inactive
canon-enqueuer.service      static  / inactive
scheduler-prep.service      static  / inactive
approval-notifier.service   static  / inactive
approval-listener.service   static  / inactive
x-publisher.service         static  / inactive
canonkeeper.service         static  / inactive

[3] Recent failures (targeted)
x-scanner.service            1 errors in last 30m
x-selector.service           1 errors in last 30m
copydesk.service             1 errors in last 30m
canon-enqueuer.service       1 errors in last 30m
scheduler-prep.service       1 errors in last 30m
approval-notifier.service    1 errors in last 30m
approval-listener.service    2 errors in last 30m
x-publisher.service          1 errors in last 30m
canonkeeper.service          1 errors in last 30m

[4] Disk / memory
/dev/vda1        48G   11G   37G  23% /
               total        used        free      shared  buff/cache   available
Mem:            1968         969         258           4         936         998
Swap:              0           0           0

=== End Health Check ===

[5] Git status
 M ops/daily-summary.sh
?? ops/logs/
?? src/app/layout.js.bak

[6] Last 5 commits
77312d8 Operating Model Reset v1: structure + health + deploy
b078ca6 Update page.js
c8d51eb Update page.js
c0b69f4 Update page.js
70c74e0 Update page.js

[7] Recent publisher log (last 20 lines)
Mar 18 15:22:05 moltbot-server-mike systemd[1]: x-publisher.service: Deactivated successfully.
Mar 18 15:22:05 moltbot-server-mike systemd[1]: Finished x-publisher.service - AgentCrush X Publisher.
Mar 18 15:23:05 moltbot-server-mike systemd[1]: Starting x-publisher.service - AgentCrush X Publisher...
Mar 18 15:23:06 moltbot-server-mike systemd[1]: x-publisher.service: Deactivated successfully.
Mar 18 15:23:06 moltbot-server-mike systemd[1]: Finished x-publisher.service - AgentCrush X Publisher.
Mar 18 15:24:12 moltbot-server-mike systemd[1]: Starting x-publisher.service - AgentCrush X Publisher...
Mar 18 15:24:13 moltbot-server-mike systemd[1]: x-publisher.service: Deactivated successfully.
Mar 18 15:24:13 moltbot-server-mike systemd[1]: Finished x-publisher.service - AgentCrush X Publisher.
Mar 18 15:25:06 moltbot-server-mike systemd[1]: Starting x-publisher.service - AgentCrush X Publisher...
Mar 18 15:25:08 moltbot-server-mike systemd[1]: x-publisher.service: Deactivated successfully.
Mar 18 15:25:08 moltbot-server-mike systemd[1]: Finished x-publisher.service - AgentCrush X Publisher.
Mar 18 15:26:03 moltbot-server-mike systemd[1]: Starting x-publisher.service - AgentCrush X Publisher...
Mar 18 15:26:04 moltbot-server-mike systemd[1]: x-publisher.service: Deactivated successfully.
Mar 18 15:26:04 moltbot-server-mike systemd[1]: Finished x-publisher.service - AgentCrush X Publisher.
Mar 18 15:27:06 moltbot-server-mike systemd[1]: Starting x-publisher.service - AgentCrush X Publisher...
Mar 18 15:27:07 moltbot-server-mike systemd[1]: x-publisher.service: Deactivated successfully.
Mar 18 15:27:07 moltbot-server-mike systemd[1]: Finished x-publisher.service - AgentCrush X Publisher.
Mar 18 15:28:04 moltbot-server-mike systemd[1]: Starting x-publisher.service - AgentCrush X Publisher...
Mar 18 15:28:05 moltbot-server-mike systemd[1]: x-publisher.service: Deactivated successfully.
Mar 18 15:28:05 moltbot-server-mike systemd[1]: Finished x-publisher.service - AgentCrush X Publisher.

[8] Recent canon-enqueuer log (last 20 lines)
Mar 18 14:55:09 moltbot-server-mike systemd[1]: canon-enqueuer.service: Deactivated successfully.
Mar 18 14:55:09 moltbot-server-mike systemd[1]: Finished canon-enqueuer.service - AgentCrush Canon Enqueuer.
Mar 18 15:00:04 moltbot-server-mike systemd[1]: Starting canon-enqueuer.service - AgentCrush Canon Enqueuer...
Mar 18 15:00:07 moltbot-server-mike systemd[1]: canon-enqueuer.service: Deactivated successfully.
Mar 18 15:00:07 moltbot-server-mike systemd[1]: Finished canon-enqueuer.service - AgentCrush Canon Enqueuer.
Mar 18 15:05:13 moltbot-server-mike systemd[1]: Starting canon-enqueuer.service - AgentCrush Canon Enqueuer...
Mar 18 15:05:15 moltbot-server-mike systemd[1]: canon-enqueuer.service: Deactivated successfully.
Mar 18 15:05:15 moltbot-server-mike systemd[1]: Finished canon-enqueuer.service - AgentCrush Canon Enqueuer.
Mar 18 15:10:12 moltbot-server-mike systemd[1]: Starting canon-enqueuer.service - AgentCrush Canon Enqueuer...
Mar 18 15:10:15 moltbot-server-mike systemd[1]: canon-enqueuer.service: Deactivated successfully.
Mar 18 15:10:15 moltbot-server-mike systemd[1]: Finished canon-enqueuer.service - AgentCrush Canon Enqueuer.
Mar 18 15:15:00 moltbot-server-mike systemd[1]: Starting canon-enqueuer.service - AgentCrush Canon Enqueuer...
Mar 18 15:15:02 moltbot-server-mike systemd[1]: canon-enqueuer.service: Deactivated successfully.
Mar 18 15:15:02 moltbot-server-mike systemd[1]: Finished canon-enqueuer.service - AgentCrush Canon Enqueuer.
Mar 18 15:20:00 moltbot-server-mike systemd[1]: Starting canon-enqueuer.service - AgentCrush Canon Enqueuer...
Mar 18 15:20:03 moltbot-server-mike systemd[1]: canon-enqueuer.service: Deactivated successfully.
Mar 18 15:20:03 moltbot-server-mike systemd[1]: Finished canon-enqueuer.service - AgentCrush Canon Enqueuer.
Mar 18 15:25:06 moltbot-server-mike systemd[1]: Starting canon-enqueuer.service - AgentCrush Canon Enqueuer...
Mar 18 15:25:08 moltbot-server-mike systemd[1]: canon-enqueuer.service: Deactivated successfully.
Mar 18 15:25:08 moltbot-server-mike systemd[1]: Finished canon-enqueuer.service - AgentCrush Canon Enqueuer.

========================================
AgentCrush Daily Summary
Generated: 2026-03-18 15:30:30 UTC
========================================

=== AgentCrush Health Check ===
Time: 2026-03-18 15:30:30 UTC

[1] Timers
Wed 2026-03-18 15:30:32 UTC           1s -                                       - approval-listener.timer          approval-listener.service
Wed 2026-03-18 15:30:32 UTC           2s -                                       - approval-notifier.timer          approval-notifier.service
Wed 2026-03-18 15:30:32 UTC           2s -                                       - copydesk.timer                   copydesk.service
Wed 2026-03-18 15:31:00 UTC          29s Wed 2026-03-18 15:30:06 UTC             - x-publisher.timer                x-publisher.service
Wed 2026-03-18 15:35:00 UTC     4min 29s Wed 2026-03-18 15:30:06 UTC             - canon-enqueuer.timer             canon-enqueuer.service
Wed 2026-03-18 15:35:00 UTC     4min 29s Wed 2026-03-18 15:30:06 UTC             - scheduler-prep.timer             scheduler-prep.service
Wed 2026-03-18 15:38:26 UTC         7min Wed 2026-03-18 15:08:26 UTC             - x-selector.timer                 x-selector.service
Wed 2026-03-18 16:00:00 UTC        29min Wed 2026-03-18 12:00:11 UTC             - canonkeeper.timer                canonkeeper.service
Wed 2026-03-18 16:28:37 UTC        58min Wed 2026-03-18 15:28:37 UTC             - x-scanner.timer                  x-scanner.service

[2] Service states
x-scanner.service           static  / inactive
x-selector.service          static  / inactive
copydesk.service            static  / inactive
canon-enqueuer.service      static  / inactive
scheduler-prep.service      static  / inactive
approval-notifier.service   static  / inactive
approval-listener.service   static  / inactive
x-publisher.service         static  / inactive
canonkeeper.service         static  / inactive

[3] Recent failures (targeted)
x-scanner.service            1 errors in last 30m
x-selector.service           1 errors in last 30m
copydesk.service             1 errors in last 30m
canon-enqueuer.service       1 errors in last 30m
scheduler-prep.service       1 errors in last 30m
approval-notifier.service    1 errors in last 30m
approval-listener.service    2 errors in last 30m
x-publisher.service          1 errors in last 30m
canonkeeper.service          1 errors in last 30m

[4] Disk / memory
/dev/vda1        48G   11G   37G  23% /
               total        used        free      shared  buff/cache   available
Mem:            1968        1076         151           4         936         891
Swap:              0           0           0

=== End Health Check ===

[5] Git status
 M ops/daily-summary.sh
?? ops/logs/
?? src/app/layout.js.bak

[6] Last 5 commits
77312d8 Operating Model Reset v1: structure + health + deploy
b078ca6 Update page.js
c8d51eb Update page.js
c0b69f4 Update page.js
70c74e0 Update page.js

[7] Recent publisher log (last 20 lines)
Mar 18 15:24:13 moltbot-server-mike systemd[1]: x-publisher.service: Deactivated successfully.
Mar 18 15:24:13 moltbot-server-mike systemd[1]: Finished x-publisher.service - AgentCrush X Publisher.
Mar 18 15:25:06 moltbot-server-mike systemd[1]: Starting x-publisher.service - AgentCrush X Publisher...
Mar 18 15:25:08 moltbot-server-mike systemd[1]: x-publisher.service: Deactivated successfully.
Mar 18 15:25:08 moltbot-server-mike systemd[1]: Finished x-publisher.service - AgentCrush X Publisher.
Mar 18 15:26:03 moltbot-server-mike systemd[1]: Starting x-publisher.service - AgentCrush X Publisher...
Mar 18 15:26:04 moltbot-server-mike systemd[1]: x-publisher.service: Deactivated successfully.
Mar 18 15:26:04 moltbot-server-mike systemd[1]: Finished x-publisher.service - AgentCrush X Publisher.
Mar 18 15:27:06 moltbot-server-mike systemd[1]: Starting x-publisher.service - AgentCrush X Publisher...
Mar 18 15:27:07 moltbot-server-mike systemd[1]: x-publisher.service: Deactivated successfully.
Mar 18 15:27:07 moltbot-server-mike systemd[1]: Finished x-publisher.service - AgentCrush X Publisher.
Mar 18 15:28:04 moltbot-server-mike systemd[1]: Starting x-publisher.service - AgentCrush X Publisher...
Mar 18 15:28:05 moltbot-server-mike systemd[1]: x-publisher.service: Deactivated successfully.
Mar 18 15:28:05 moltbot-server-mike systemd[1]: Finished x-publisher.service - AgentCrush X Publisher.
Mar 18 15:29:03 moltbot-server-mike systemd[1]: Starting x-publisher.service - AgentCrush X Publisher...
Mar 18 15:29:04 moltbot-server-mike systemd[1]: x-publisher.service: Deactivated successfully.
Mar 18 15:29:04 moltbot-server-mike systemd[1]: Finished x-publisher.service - AgentCrush X Publisher.
Mar 18 15:30:06 moltbot-server-mike systemd[1]: Starting x-publisher.service - AgentCrush X Publisher...
Mar 18 15:30:09 moltbot-server-mike systemd[1]: x-publisher.service: Deactivated successfully.
Mar 18 15:30:09 moltbot-server-mike systemd[1]: Finished x-publisher.service - AgentCrush X Publisher.

[8] Recent canon-enqueuer log (last 20 lines)
Mar 18 15:00:07 moltbot-server-mike systemd[1]: canon-enqueuer.service: Deactivated successfully.
Mar 18 15:00:07 moltbot-server-mike systemd[1]: Finished canon-enqueuer.service - AgentCrush Canon Enqueuer.
Mar 18 15:05:13 moltbot-server-mike systemd[1]: Starting canon-enqueuer.service - AgentCrush Canon Enqueuer...
Mar 18 15:05:15 moltbot-server-mike systemd[1]: canon-enqueuer.service: Deactivated successfully.
Mar 18 15:05:15 moltbot-server-mike systemd[1]: Finished canon-enqueuer.service - AgentCrush Canon Enqueuer.
Mar 18 15:10:12 moltbot-server-mike systemd[1]: Starting canon-enqueuer.service - AgentCrush Canon Enqueuer...
Mar 18 15:10:15 moltbot-server-mike systemd[1]: canon-enqueuer.service: Deactivated successfully.
Mar 18 15:10:15 moltbot-server-mike systemd[1]: Finished canon-enqueuer.service - AgentCrush Canon Enqueuer.
Mar 18 15:15:00 moltbot-server-mike systemd[1]: Starting canon-enqueuer.service - AgentCrush Canon Enqueuer...
Mar 18 15:15:02 moltbot-server-mike systemd[1]: canon-enqueuer.service: Deactivated successfully.
Mar 18 15:15:02 moltbot-server-mike systemd[1]: Finished canon-enqueuer.service - AgentCrush Canon Enqueuer.
Mar 18 15:20:00 moltbot-server-mike systemd[1]: Starting canon-enqueuer.service - AgentCrush Canon Enqueuer...
Mar 18 15:20:03 moltbot-server-mike systemd[1]: canon-enqueuer.service: Deactivated successfully.
Mar 18 15:20:03 moltbot-server-mike systemd[1]: Finished canon-enqueuer.service - AgentCrush Canon Enqueuer.
Mar 18 15:25:06 moltbot-server-mike systemd[1]: Starting canon-enqueuer.service - AgentCrush Canon Enqueuer...
Mar 18 15:25:08 moltbot-server-mike systemd[1]: canon-enqueuer.service: Deactivated successfully.
Mar 18 15:25:08 moltbot-server-mike systemd[1]: Finished canon-enqueuer.service - AgentCrush Canon Enqueuer.
Mar 18 15:30:06 moltbot-server-mike systemd[1]: Starting canon-enqueuer.service - AgentCrush Canon Enqueuer...
Mar 18 15:30:09 moltbot-server-mike systemd[1]: canon-enqueuer.service: Deactivated successfully.
Mar 18 15:30:09 moltbot-server-mike systemd[1]: Finished canon-enqueuer.service - AgentCrush Canon Enqueuer.

